################################################################################
#                                                                              #
#      IAR Universal Linker V4.61T/W32                                         #
#                                                                              #
#           Link time     =  19/Jan/2015  07:43:01                             #
#           Target CPU    =  x51                                               #
#           List file     =  "D:\CC1111F32\Rc_test\FrSky\FrSky_D8_rx\iar\Debug #
#                             on CC2510\List\FrSky_D8_rx.map"                  #
#           Output file 1 =  "D:\CC1111F32\Rc_test\FrSky\FrSky_D8_rx\iar\Debug #
#                             on CC2510\Exe\FrSky_D8_rx.d51"                   #
#                            Format: debug                                     #
#                            UBROF version 10.0.3                              #
#                            Using library modules for C-SPY (-rt)             #
#           Command line  =  "-IC:\Program Files (x86)\IAR Systems\Embedded Wo #
#                            rkbench 5.4\8051\CONFIG\"                         #
#                            -D_NR_OF_BANKS=0 -D_CODEBANK_END=0                #
#                            -D_CODEBANK_START=0                               #
#                            "D:\CC1111F32\Rc_test\FrSky\FrSky_D8_rx\iar\Debug #
#                             on CC2510\Obj\flash_asm.r51"                     #
#                            "D:\CC1111F32\Rc_test\FrSky\FrSky_D8_rx\iar\Debug #
#                             on CC2510\Obj\hal_adc_mgmt.r51"                  #
#                            "D:\CC1111F32\Rc_test\FrSky\FrSky_D8_rx\iar\Debug #
#                             on CC2510\Obj\hal_bui_button.r51"                #
#                            "D:\CC1111F32\Rc_test\FrSky\FrSky_D8_rx\iar\Debug #
#                             on CC2510\Obj\hal_bui_joystick.r51"              #
#                            "D:\CC1111F32\Rc_test\FrSky\FrSky_D8_rx\iar\Debug #
#                             on CC2510\Obj\hal_bui_lcd.r51"                   #
#                            "D:\CC1111F32\Rc_test\FrSky\FrSky_D8_rx\iar\Debug #
#                             on CC2510\Obj\hal_power_clk_mgmt.r51"            #
#                            "D:\CC1111F32\Rc_test\FrSky\FrSky_D8_rx\iar\Debug #
#                             on CC2510\Obj\hal_wait.r51"                      #
#                            "D:\CC1111F32\Rc_test\FrSky\FrSky_D8_rx\iar\Debug #
#                             on CC2510\Obj\per_test_dma.r51"                  #
#                            "D:\CC1111F32\Rc_test\FrSky\FrSky_D8_rx\iar\Debug #
#                             on CC2510\Obj\per_test_main.r51"                 #
#                            "D:\CC1111F32\Rc_test\FrSky\FrSky_D8_rx\iar\Debug #
#                             on CC2510\Obj\per_test_radio.r51"                #
#                            "D:\CC1111F32\Rc_test\FrSky\FrSky_D8_rx\iar\Debug #
#                             on CC2510\Obj\uart.r51"                          #
#                            -o                                                #
#                            "D:\CC1111F32\Rc_test\FrSky\FrSky_D8_rx\iar\Debug #
#                             on CC2510\Exe\FrSky_D8_rx.d51"                   #
#                            -l                                                #
#                            "D:\CC1111F32\Rc_test\FrSky\FrSky_D8_rx\iar\Debug #
#                             on CC2510\List\FrSky_D8_rx.map"                  #
#                            -xms                                              #
#                            "-IC:\Program Files (x86)\IAR Systems\Embedded Wo #
#                            rkbench 5.4\8051\LIB\"                            #
#                            -f                                                #
#                            "C:\Program Files (x86)\IAR Systems\Embedded Work #
#                            bench 5.4\8051\config\lnk51ew_cc2510.xcl"         #
#                            (-D_IDATA0_START=0x00 -D_IDATA0_END=0xFF          #
#                            -D_PDATA0_START=0xF000 -D_PDATA0_END=0xF0FF       #
#                            -D_IXDATA0_START=0x00F000                         #
#                            -D_IXDATA0_END=0x00FDA1                           #
#                            -D_XDATA0_START=0x00F000 -D_XDATA0_END=0x00FDA1   #
#                            -D_CODE0_START=0x000000 -D_CODE0_END=0x007FFF     #
#                            -D?REGISTER_BANK=0x0 -D_REGISTER_BANK_START=0x0   #
#                            -D?PBANK_NUMBER=0xF0 -D_BREG_START=0x00           #
#                            -D?VB=0x20 -D?ESP=0x9B -Z(BIT)BREG=_BREG_START    #
#                            -Z(BIT)BIT_N=0-7F                                 #
#                            -Z(DATA)REGISTERS+8=_REGISTER_BANK_START          #
#                            -Z(DATA)BDATA_Z,BDATA_N,BDATA_I=20-2F             #
#                            -Z(DATA)VREG+_NR_OF_VIRTUAL_REGISTERS=08-7F       #
#                            -Z(DATA)PSP,XSP=08-7F -Z(DATA)DOVERLAY=08-7F      #
#                            -Z(DATA)DATA_I,DATA_Z,DATA_N=08-7F                #
#                            -U(IDATA)0-7F=(DATA)0-7F                          #
#                            -Z(IDATA)IDATA_I,IDATA_Z,IDATA_N=08-_IDATA0_END   #
#                            -Z(IDATA)ISTACK+_IDATA_STACK_SIZE#08-_IDATA0_END  #
#                            -Z(IDATA)IOVERLAY=08-FF -Z(CODE)INTVEC=0          #
#                            -Z(CODE)CSTART=_CODE0_START-_CODE0_END            #
#                            -Z(CODE)BIT_ID,BDATA_ID,DATA_ID,IDATA_ID,IXDATA_I #
#                            D,PDATA_ID,XDATA_ID=_CODE0_START-_CODE0_END       #
#                            -Z(CODE)RCODE,DIFUNCT,CODE_C,CODE_N,NEAR_CODE=_CO #
#                            DE0_START-_CODE0_END                              #
#                            -Z(CODE)CHECKSUM#_CODE0_END                       #
#                            -Z(XDATA)EXT_STACK+_EXTENDED_STACK_SIZE=_EXTENDED #
#                            _STACK_START                                      #
#                            -Z(XDATA)PSTACK+_PDATA_STACK_SIZE=_PDATA0_START-_ #
#                            PDATA0_END                                        #
#                            -Z(XDATA)XSTACK+_XDATA_STACK_SIZE=_XDATA0_START-_ #
#                            XDATA0_END                                        #
#                            -Z(XDATA)PDATA_Z,PDATA_I=_PDATA0_START-_PDATA0_EN #
#                            D                                                 #
#                            -P(XDATA)PDATA_N=_PDATA0_START-_PDATA0_END        #
#                            -Z(XDATA)IXDATA_Z,IXDATA_I=_IXDATA0_START-_IXDATA #
#                            0_END                                             #
#                            -P(XDATA)IXDATA_N=_IXDATA0_START-_IXDATA0_END     #
#                            -Z(XDATA)XDATA_Z,XDATA_I=_XDATA0_START-_XDATA0_EN #
#                            D                                                 #
#                            -P(XDATA)XDATA_N=_XDATA0_START-_XDATA0_END        #
#                            -Z(XDATA)XDATA_HEAP+_XDATA_HEAP_SIZE=_XDATA0_STAR #
#                            T-_XDATA0_END                                     #
#                            -Z(CONST)XDATA_ROM_C=_XDATA0_START-_XDATA0_END    #
#                            -cx51 -Z(XDATA)XDATA_SCRATCH=0xFDA2-0xFEFF)       #
#                            -D_NR_OF_VIRTUAL_REGISTERS=8 -D?PBANK=0xA0        #
#                            -e_medium_read=_formatted_read -rt -s             #
#                            __program_start                                   #
#                            "C:\Program Files (x86)\IAR Systems\Embedded Work #
#                            bench 5.4\8051\LIB\CLIB\cl-pli-nlxd-1e16x01.r51"  #
#                            -D_IDATA_STACK_SIZE=0x40                          #
#                            -D_EXTENDED_STACK_START=0x00                      #
#                            -D_EXTENDED_STACK_SIZE=0x00                       #
#                            -D_PDATA_STACK_SIZE=0x80                          #
#                            -D_XDATA_STACK_SIZE=0x1FF                         #
#                            -D_XDATA_HEAP_SIZE=0xFF -D_FAR_HEAP_SIZE=0xFFF    #
#                            -D_HUGE_HEAP_SIZE=0xFFF                           #
#                            -D_FAR22_HEAP_SIZE=0xFFF                          #
#                                                                              #
#                           Copyright (C) 1987-2010 IAR Systems AB.            #
################################################################################





                ****************************************
                *                                      *
                *           CROSS REFERENCE            *
                *                                      *
                ****************************************

       Program entry at : CODE      000000D3  Relocatable, from module : CSTARTUP




                ****************************************
                *                                      *
                *            RUNTIME MODEL             *
                *                                      *
                ****************************************

  __calling_convention     = xdata_reentrant
  __code_model             = near
  __core                   = plain
  __data_model             = large
  __dptr_size              = 16
  __extended_stack         = disabled
  __location_for_constants = data
  __number_of_dptrs        = 1
  __rt_version             = 1



                ****************************************
                *                                      *
                *              MODULE MAP              *
                *                                      *
                ****************************************


  DEFINED ABSOLUTE ENTRIES
    *************************************************************************

  DEFINED ABSOLUTE ENTRIES
  PROGRAM MODULE, NAME : ?ABS_ENTRY_MOD

Absolute parts
           ENTRY                   ADDRESS         REF BY
           =====                   =======         ======
           _FAR22_HEAP_SIZE        00000FFF 
           _HUGE_HEAP_SIZE         00000FFF 
           _FAR_HEAP_SIZE          00000FFF 
           _XDATA_HEAP_SIZE        000000FF 
           _XDATA_STACK_SIZE       000001FF 
           _PDATA_STACK_SIZE       00000080 
           _EXTENDED_STACK_SIZE    00000000 
           _EXTENDED_STACK_START   00000000 
           _IDATA_STACK_SIZE       00000040 
           ?PBANK                  000000A0 
           _NR_OF_VIRTUAL_REGISTERS
                                   00000008 
           ?ESP                    0000009B 
           ?VB                     00000020        ?FUNC_ENTER_XDATA (?FUNC_ENTER_XDATA)
                                                   ?FUNC_LEAVE_XDATA (?FUNC_LEAVE_XDATA)
                                                   ?INTERRUPT_ENTER_XSP (?INTERRUPT_ENTER_XSP)
                                                   ?INTERRUPT_LEAVE_XSP (?INTERRUPT_LEAVE_XSP)
           _BREG_START             00000000 
           ?PBANK_NUMBER           000000F0 
           _REGISTER_BANK_START    00000000 
           ?REGISTER_BANK          00000000        Segment part 6 (CSTARTUP)
           _CODE0_END              00007FFF 
           _CODE0_START            00000000 
           _XDATA0_END             0000FDA1 
           _XDATA0_START           0000F000 
           _IXDATA0_END            0000FDA1 
           _IXDATA0_START          0000F000 
           _PDATA0_END             0000F0FF 
           _PDATA0_START           0000F000 
           _IDATA0_END             000000FF 
           _IDATA0_START           00000000 
           _CODEBANK_START         00000000 
           _CODEBANK_END           00000000 
           _NR_OF_BANKS            00000000 
    *************************************************************************

  FILE NAME : D:\CC1111F32\Rc_test\FrSky\FrSky_D8_rx\iar\Debug on CC2510\Obj\flash_asm.r51
  LIBRARY MODULE, NAME : flash_asm

  SEGMENTS IN THE MODULE
  ======================
RCODE
  Relative segment, address: CODE 00000254 - 00000258 (0x5 bytes), align: 1
  Segment part 0. ROOT.
           ENTRY                   ADDRESS         REF BY
           =====                   =======         ======
           halFlashStartErase      00000254        Binding_RX (per_test_main)
    -------------------------------------------------------------------------
RCODE
  Relative segment, address: CODE 0000025A - 0000025D (0x4 bytes), align: 1
  Segment part 1. ROOT.
           ENTRY                   ADDRESS         REF BY
           =====                   =======         ======
           halFlashStartWrite      0000025A 

    *************************************************************************

  FILE NAME : D:\CC1111F32\Rc_test\FrSky\FrSky_D8_rx\iar\Debug on CC2510\Obj\hal_adc_mgmt.r51
  PROGRAM MODULE, NAME : hal_adc_mgmt

  SEGMENTS IN THE MODULE
  ======================
SFR_AN
  Relative segment, address: DATA 00000088 - 00000088 (0x1 bytes), align: 0
  Segment part 1. ROOT.       Intra module refs:   URX0_IRQ (uart)
           ENTRY                   ADDRESS         REF BY
           =====                   =======         ======
           _A_TCON                 00000088 
    -------------------------------------------------------------------------
SFR_AN
  Relative segment, address: DATA 000000B6 - 000000B6 (0x1 bytes), align: 0
  Segment part 2. ROOT.
           ENTRY                   ADDRESS         REF BY
           =====                   =======         ======
           ADCCON3                 000000B6 
    -------------------------------------------------------------------------
SFR_AN
  Relative segment, address: DATA 000000BA - 000000BA (0x1 bytes), align: 0
  Segment part 3. ROOT.
           ENTRY                   ADDRESS         REF BY
           =====                   =======         ======
           ADCL                    000000BA 
    -------------------------------------------------------------------------
SFR_AN
  Relative segment, address: DATA 000000BB - 000000BB (0x1 bytes), align: 0
  Segment part 4. ROOT.
           ENTRY                   ADDRESS         REF BY
           =====                   =======         ======
           ADCH                    000000BB 
    -------------------------------------------------------------------------
SFR_AN
  Relative segment, address: DATA 000000F2 - 000000F2 (0x1 bytes), align: 0
  Segment part 5. ROOT.
           ENTRY                   ADDRESS         REF BY
           =====                   =======         ======
           ADCCFG                  000000F2 

    *************************************************************************

  FILE NAME : D:\CC1111F32\Rc_test\FrSky\FrSky_D8_rx\iar\Debug on CC2510\Obj\hal_bui_button.r51
  PROGRAM MODULE, NAME : hal_bui_button

  SEGMENTS IN THE MODULE
  ======================
SFR_AN
  Relative segment, address: DATA 00000090 - 00000090 (0x1 bytes), align: 0
  Segment part 1. ROOT.       Intra module refs:   Binding_RX (per_test_main)
                                                   halBuiButtonPushed
                                                   main (per_test_main)
                                                   servo_low (per_test_main)
                                                   t4_isr (per_test_main)
                                                   timer1_ISR (per_test_main)
           ENTRY                   ADDRESS         REF BY
           =====                   =======         ======
           _A_P1                   00000090 
    -------------------------------------------------------------------------
NEAR_CODE
  Relative segment, address: CODE 0000081E - 00000858 (0x3b bytes), align: 0
  Segment part 8.
           ENTRY                   ADDRESS         REF BY
           =====                   =======         ======
           halBuiButtonPushed      0000081E        main (per_test_main)
               ISTACK = 00000000 ( 00000002 )
    -------------------------------------------------------------------------
XDATA_Z
  Relative segment, address: XDATA 0000F1FF - 0000F1FF (0x1 bytes), align: 0
  Segment part 7.             Intra module refs:   halBuiButtonPushed
           LOCAL                   ADDRESS         
           =====                   =======         
           halBuiButtonPushed::prevValue
                                   0000F1FF 

    *************************************************************************

  FILE NAME : D:\CC1111F32\Rc_test\FrSky\FrSky_D8_rx\iar\Debug on CC2510\Obj\hal_bui_joystick.r51
  PROGRAM MODULE, NAME : hal_bui_joystick

  SEGMENTS IN THE MODULE
  ======================
SFR_AN
  Relative segment, address: DATA 00000080 - 00000080 (0x1 bytes), align: 0
  Segment part 1. ROOT.       Intra module refs:   main (per_test_main)
           ENTRY                   ADDRESS         REF BY
           =====                   =======         ======
           _A_P0                   00000080 

    *************************************************************************

  FILE NAME : D:\CC1111F32\Rc_test\FrSky\FrSky_D8_rx\iar\Debug on CC2510\Obj\hal_bui_lcd.r51
  PROGRAM MODULE, NAME : hal_bui_lcd

  SEGMENTS IN THE MODULE
  ======================
SFR_AN
  Relative segment, address: DATA 000000A0 - 000000A0 (0x1 bytes), align: 0
  Segment part 2. ROOT.       Intra module refs:   main (per_test_main)
           ENTRY                   ADDRESS         REF BY
           =====                   =======         ======
           _A_P2                   000000A0 
    -------------------------------------------------------------------------
SFR_AN
  Relative segment, address: DATA 000000F4 - 000000F4 (0x1 bytes), align: 0
  Segment part 3. ROOT.       Intra module refs:   main (per_test_main)
                                                   setup_Tim1_ch2 (per_test_main)
           ENTRY                   ADDRESS         REF BY
           =====                   =======         ======
           P1SEL                   000000F4 
    -------------------------------------------------------------------------
SFR_AN
  Relative segment, address: DATA 000000F5 - 000000F5 (0x1 bytes), align: 0
  Segment part 4. ROOT.       Intra module refs:   main (per_test_main)
           ENTRY                   ADDRESS         REF BY
           =====                   =======         ======
           P2SEL                   000000F5 
    -------------------------------------------------------------------------
SFR_AN
  Relative segment, address: DATA 000000F6 - 000000F6 (0x1 bytes), align: 0
  Segment part 5. ROOT.       Intra module refs:   main (per_test_main)
           ENTRY                   ADDRESS         REF BY
           =====                   =======         ======
           P1INP                   000000F6 
    -------------------------------------------------------------------------
SFR_AN
  Relative segment, address: DATA 000000F7 - 000000F7 (0x1 bytes), align: 0
  Segment part 6. ROOT.
           ENTRY                   ADDRESS         REF BY
           =====                   =======         ======
           P2INP                   000000F7 
    -------------------------------------------------------------------------
SFR_AN
  Relative segment, address: DATA 000000FE - 000000FE (0x1 bytes), align: 0
  Segment part 7. ROOT.       Intra module refs:   main (per_test_main)
           ENTRY                   ADDRESS         REF BY
           =====                   =======         ======
           P1DIR                   000000FE 
    -------------------------------------------------------------------------
SFR_AN
  Relative segment, address: DATA 000000FF - 000000FF (0x1 bytes), align: 0
  Segment part 8. ROOT.       Intra module refs:   main (per_test_main)
                                                   setup_Tim1_ch2 (per_test_main)
           ENTRY                   ADDRESS         REF BY
           =====                   =======         ======
           P2DIR                   000000FF 

    *************************************************************************

  FILE NAME : D:\CC1111F32\Rc_test\FrSky\FrSky_D8_rx\iar\Debug on CC2510\Obj\hal_power_clk_mgmt.r51
  PROGRAM MODULE, NAME : hal_power_clk_mgmt

  SEGMENTS IN THE MODULE
  ======================
SFR_AN
  Relative segment, address: DATA 000000BE - 000000BE (0x1 bytes), align: 0
  Segment part 1. ROOT.       Intra module refs:   halPowerClkMgmtSetMainClkSrc
           ENTRY                   ADDRESS         REF BY
           =====                   =======         ======
           SLEEP                   000000BE 
    -------------------------------------------------------------------------
SFR_AN
  Relative segment, address: DATA 000000C6 - 000000C6 (0x1 bytes), align: 0
  Segment part 2. ROOT.       Intra module refs:   halPowerClkMgmtSetMainClkSrc
           ENTRY                   ADDRESS         REF BY
           =====                   =======         ======
           CLKCON                  000000C6 
    -------------------------------------------------------------------------
NEAR_CODE
  Relative segment, address: CODE 00000859 - 00000879 (0x21 bytes), align: 0
  Segment part 8.
           ENTRY                   ADDRESS         REF BY
           =====                   =======         ======
           halPowerClkMgmtSetMainClkSrc
                                   00000859        main (per_test_main)

    *************************************************************************

  FILE NAME : D:\CC1111F32\Rc_test\FrSky\FrSky_D8_rx\iar\Debug on CC2510\Obj\hal_wait.r51
    *************************************************************************

  FILE NAME : D:\CC1111F32\Rc_test\FrSky\FrSky_D8_rx\iar\Debug on CC2510\Obj\per_test_dma.r51
  PROGRAM MODULE, NAME : per_test_dma

  SEGMENTS IN THE MODULE
  ======================
SFR_AN
  Relative segment, address: DATA 000000D4 - 000000D4 (0x1 bytes), align: 0
  Segment part 1. ROOT.       Intra module refs:   dmaRadioSetup
           ENTRY                   ADDRESS         REF BY
           =====                   =======         ======
           DMA0CFGL                000000D4 
    -------------------------------------------------------------------------
SFR_AN
  Relative segment, address: DATA 000000D5 - 000000D5 (0x1 bytes), align: 0
  Segment part 2. ROOT.       Intra module refs:   dmaRadioSetup
           ENTRY                   ADDRESS         REF BY
           =====                   =======         ======
           DMA0CFGH                000000D5 
    -------------------------------------------------------------------------
XDATA_Z
  Relative segment, address: XDATA 0000F200 - 0000F207 (0x8 bytes), align: 0
  Segment part 8.             Intra module refs:   dmaRadioSetup
           LOCAL                   ADDRESS         
           =====                   =======         
           dmaConfig               0000F200 
    -------------------------------------------------------------------------
XDATA_Z
  Relative segment, address: XDATA 0000F208 - 0000F21B (0x14 bytes), align: 0
  Segment part 9.             Intra module refs:   dmaRadioSetup
           ENTRY                   ADDRESS         REF BY
           =====                   =======         ======
           radioPktBuffer          0000F208        Binding_RX (per_test_main)
                                                   main (per_test_main)
                                                   pktCheckCrc (per_test_radio)
                                                   pktCheckId (per_test_radio)
                                                   pktCheckValidity (per_test_radio)
                                                   set_servo_rssi (per_test_main)
    -------------------------------------------------------------------------
NEAR_CODE
  Relative segment, address: CODE 0000087A - 000008FB (0x82 bytes), align: 0
  Segment part 10.
           ENTRY                   ADDRESS         REF BY
           =====                   =======         ======
           dmaRadioSetup           0000087A        main (per_test_main)
               ISTACK = 00000000 ( 00000002 )

    *************************************************************************

  FILE NAME : D:\CC1111F32\Rc_test\FrSky\FrSky_D8_rx\iar\Debug on CC2510\Obj\per_test_main.r51
  PROGRAM MODULE, NAME : per_test_main

  SEGMENTS IN THE MODULE
  ======================
SFR_AN
  Relative segment, address: DATA 00000091 - 00000091 (0x1 bytes), align: 0
  Segment part 3. ROOT.       Intra module refs:   main
           ENTRY                   ADDRESS         REF BY
           =====                   =======         ======
           RFIM                    00000091 
    -------------------------------------------------------------------------
SFR_AN
  Relative segment, address: DATA 0000009A - 0000009A (0x1 bytes), align: 0
  Segment part 4. ROOT.       Intra module refs:   main
           ENTRY                   ADDRESS         REF BY
           =====                   =======         ======
           IEN2                    0000009A 
    -------------------------------------------------------------------------
SFR_AN
  Relative segment, address: DATA 0000009B - 0000009B (0x1 bytes), align: 0
  Segment part 5. ROOT.       Intra module refs:   rf_IRQ
           ENTRY                   ADDRESS         REF BY
           =====                   =======         ======
           S1CON                   0000009B 
    -------------------------------------------------------------------------
SFR_AN
  Relative segment, address: DATA 0000009C - 0000009C (0x1 bytes), align: 0
  Segment part 6. ROOT.       Intra module refs:   delay_5ms
                                                   main
           ENTRY                   ADDRESS         REF BY
           =====                   =======         ======
           T2CT                    0000009C 
    -------------------------------------------------------------------------
SFR_AN
  Relative segment, address: DATA 0000009D - 0000009D (0x1 bytes), align: 0
  Segment part 7. ROOT.       Intra module refs:   main
           ENTRY                   ADDRESS         REF BY
           =====                   =======         ======
           T2PR                    0000009D 
    -------------------------------------------------------------------------
SFR_AN
  Relative segment, address: DATA 0000009E - 0000009E (0x1 bytes), align: 0
  Segment part 8. ROOT.       Intra module refs:   main
           ENTRY                   ADDRESS         REF BY
           =====                   =======         ======
           T2CTL                   0000009E 
    -------------------------------------------------------------------------
SFR_AN
  Relative segment, address: DATA 000000A8 - 000000A8 (0x1 bytes), align: 0
  Segment part 10. ROOT.      Intra module refs:   flashWriter
                                                   main
           ENTRY                   ADDRESS         REF BY
           =====                   =======         ======
           _A_IEN0                 000000A8 
    -------------------------------------------------------------------------
SFR_AN
  Relative segment, address: DATA 000000AC - 000000AC (0x1 bytes), align: 0
  Segment part 11. ROOT.      Intra module refs:   Binding_RX
           ENTRY                   ADDRESS         REF BY
           =====                   =======         ======
           FADDRL                  000000AC 
    -------------------------------------------------------------------------
SFR_AN
  Relative segment, address: DATA 000000AD - 000000AD (0x1 bytes), align: 0
  Segment part 12. ROOT.      Intra module refs:   Binding_RX
           ENTRY                   ADDRESS         REF BY
           =====                   =======         ======
           FADDRH                  000000AD 
    -------------------------------------------------------------------------
SFR_AN
  Relative segment, address: DATA 000000AE - 000000AE (0x1 bytes), align: 0
  Segment part 13. ROOT.      Intra module refs:   Binding_RX
                                                   flashWriter
           ENTRY                   ADDRESS         REF BY
           =====                   =======         ======
           FCTL                    000000AE 
    -------------------------------------------------------------------------
SFR_AN
  Relative segment, address: DATA 000000AF - 000000AF (0x1 bytes), align: 0
  Segment part 14. ROOT.      Intra module refs:   flashWriter
           ENTRY                   ADDRESS         REF BY
           =====                   =======         ======
           FWDATA                  000000AF 
    -------------------------------------------------------------------------
SFR_AN
  Relative segment, address: DATA 000000B8 - 000000B8 (0x1 bytes), align: 0
  Segment part 15. ROOT.      Intra module refs:   main
                                                   setup_Tim1_ch2
           ENTRY                   ADDRESS         REF BY
           =====                   =======         ======
           _A_IEN1                 000000B8 
    -------------------------------------------------------------------------
SFR_AN
  Relative segment, address: DATA 000000C0 - 000000C0 (0x1 bytes), align: 0
  Segment part 16. ROOT.      Intra module refs:   t4_isr
           ENTRY                   ADDRESS         REF BY
           =====                   =======         ======
           _A_IRCON                000000C0 
    -------------------------------------------------------------------------
SFR_AN
  Relative segment, address: DATA 000000CB - 000000CB (0x1 bytes), align: 0
  Segment part 17. ROOT.      Intra module refs:   main
           ENTRY                   ADDRESS         REF BY
           =====                   =======         ======
           T3CTL                   000000CB 
    -------------------------------------------------------------------------
SFR_AN
  Relative segment, address: DATA 000000CC - 000000CC (0x1 bytes), align: 0
  Segment part 18. ROOT.      Intra module refs:   main
           ENTRY                   ADDRESS         REF BY
           =====                   =======         ======
           T3CCTL0                 000000CC 
    -------------------------------------------------------------------------
SFR_AN
  Relative segment, address: DATA 000000CD - 000000CD (0x1 bytes), align: 0
  Segment part 19. ROOT.      Intra module refs:   main
           ENTRY                   ADDRESS         REF BY
           =====                   =======         ======
           T3CC0                   000000CD 
    -------------------------------------------------------------------------
SFR_AN
  Relative segment, address: DATA 000000CE - 000000CE (0x1 bytes), align: 0
  Segment part 20. ROOT.      Intra module refs:   main
           ENTRY                   ADDRESS         REF BY
           =====                   =======         ======
           T3CCTL1                 000000CE 
    -------------------------------------------------------------------------
SFR_AN
  Relative segment, address: DATA 000000D6 - 000000D6 (0x1 bytes), align: 0
  Segment part 21. ROOT.      Intra module refs:   Binding_RX
                                                   main
                                                   rf_IRQ
           ENTRY                   ADDRESS         REF BY
           =====                   =======         ======
           DMAARM                  000000D6 
    -------------------------------------------------------------------------
SFR_AN
  Relative segment, address: DATA 000000D8 - 000000D8 (0x1 bytes), align: 0
  Segment part 22. ROOT.      Intra module refs:   main
                                                   setup_Tim1_ch2
                                                   t4_isr
           ENTRY                   ADDRESS         REF BY
           =====                   =======         ======
           _A_TIMIF                000000D8 
    -------------------------------------------------------------------------
SFR_AN
  Relative segment, address: DATA 000000DA - 000000DA (0x1 bytes), align: 0
  Segment part 23. ROOT.      Intra module refs:   setup_Tim1_ch2
                                                   timer1_ISR
           ENTRY                   ADDRESS         REF BY
           =====                   =======         ======
           T1CC0L                  000000DA 
    -------------------------------------------------------------------------
SFR_AN
  Relative segment, address: DATA 000000DB - 000000DB (0x1 bytes), align: 0
  Segment part 24. ROOT.      Intra module refs:   setup_Tim1_ch2
                                                   timer1_ISR
           ENTRY                   ADDRESS         REF BY
           =====                   =======         ======
           T1CC0H                  000000DB 
    -------------------------------------------------------------------------
SFR_AN
  Relative segment, address: DATA 000000DE - 000000DE (0x1 bytes), align: 0
  Segment part 25. ROOT.      Intra module refs:   setup_Tim1_ch2
           ENTRY                   ADDRESS         REF BY
           =====                   =======         ======
           T1CC2L                  000000DE 
    -------------------------------------------------------------------------
SFR_AN
  Relative segment, address: DATA 000000DF - 000000DF (0x1 bytes), align: 0
  Segment part 26. ROOT.      Intra module refs:   setup_Tim1_ch2
           ENTRY                   ADDRESS         REF BY
           =====                   =======         ======
           T1CC2H                  000000DF 
    -------------------------------------------------------------------------
SFR_AN
  Relative segment, address: DATA 000000E1 - 000000E1 (0x1 bytes), align: 0
  Segment part 27. ROOT.      Intra module refs:   Binding_RX
                                                   frsky2way_init (per_test_radio)
                                                   main
           ENTRY                   ADDRESS         REF BY
           =====                   =======         ======
           RFST                    000000E1 
    -------------------------------------------------------------------------
SFR_AN
  Relative segment, address: DATA 000000E2 - 000000E2 (0x1 bytes), align: 0
  Segment part 28. ROOT.      Intra module refs:   setup_Tim1_ch2
                                                   timer1_ISR
           ENTRY                   ADDRESS         REF BY
           =====                   =======         ======
           T1CNTL                  000000E2 
    -------------------------------------------------------------------------
SFR_AN
  Relative segment, address: DATA 000000E4 - 000000E4 (0x1 bytes), align: 0
  Segment part 29. ROOT.      Intra module refs:   setup_Tim1_ch2
                                                   timer1_ISR
           ENTRY                   ADDRESS         REF BY
           =====                   =======         ======
           T1CTL                   000000E4 
    -------------------------------------------------------------------------
SFR_AN
  Relative segment, address: DATA 000000E5 - 000000E5 (0x1 bytes), align: 0
  Segment part 30. ROOT.      Intra module refs:   setup_Tim1_ch2
           ENTRY                   ADDRESS         REF BY
           =====                   =======         ======
           T1CCTL0                 000000E5 
    -------------------------------------------------------------------------
SFR_AN
  Relative segment, address: DATA 000000E7 - 000000E7 (0x1 bytes), align: 0
  Segment part 31. ROOT.      Intra module refs:   setup_Tim1_ch2
           ENTRY                   ADDRESS         REF BY
           =====                   =======         ======
           T1CCTL2                 000000E7 
    -------------------------------------------------------------------------
SFR_AN
  Relative segment, address: DATA 000000E9 - 000000E9 (0x1 bytes), align: 0
  Segment part 32. ROOT.      Intra module refs:   rf_IRQ
           ENTRY                   ADDRESS         REF BY
           =====                   =======         ======
           RFIF                    000000E9 
    -------------------------------------------------------------------------
SFR_AN
  Relative segment, address: DATA 000000EB - 000000EB (0x1 bytes), align: 0
  Segment part 33. ROOT.      Intra module refs:   setup_Tim1_ch2
           ENTRY                   ADDRESS         REF BY
           =====                   =======         ======
           T4CTL                   000000EB 
    -------------------------------------------------------------------------
SFR_AN
  Relative segment, address: DATA 000000ED - 000000ED (0x1 bytes), align: 0
  Segment part 34. ROOT.      Intra module refs:   setup_Tim1_ch2
           ENTRY                   ADDRESS         REF BY
           =====                   =======         ======
           T4CC0                   000000ED 
    -------------------------------------------------------------------------
SFR_AN
  Relative segment, address: DATA 000000F1 - 000000F1 (0x1 bytes), align: 0
  Segment part 35. ROOT.      Intra module refs:   Init_UART (uart)
                                                   setup_Tim1_ch2
           ENTRY                   ADDRESS         REF BY
           =====                   =======         ======
           PERCFG                  000000F1 
    -------------------------------------------------------------------------
SFR_AN
  Relative segment, address: DATA 000000F3 - 000000F3 (0x1 bytes), align: 0
  Segment part 36. ROOT.      Intra module refs:   Init_UART (uart)
                                                   main
           ENTRY                   ADDRESS         REF BY
           =====                   =======         ======
           P0SEL                   000000F3 
    -------------------------------------------------------------------------
SFR_AN
  Relative segment, address: DATA 000000FD - 000000FD (0x1 bytes), align: 0
  Segment part 40. ROOT.      Intra module refs:   main
           ENTRY                   ADDRESS         REF BY
           =====                   =======         ======
           P0DIR                   000000FD 
    -------------------------------------------------------------------------
XDATA_Z
  Relative segment, address: XDATA 0000F21C - 0000F21C (0x1 bytes), align: 0
  Segment part 76.            Intra module refs:   rf_IRQ
           LOCAL                   ADDRESS         
           =====                   =======         
           pktSentFlag             0000F21C 
    -------------------------------------------------------------------------
XDATA_Z
  Relative segment, address: XDATA 0000F21D - 0000F21D (0x1 bytes), align: 0
  Segment part 77.            Intra module refs:   Binding_RX
                                                   main
                                                   rf_IRQ
           LOCAL                   ADDRESS         
           =====                   =======         
           pktRcvdFlag             0000F21D 
    -------------------------------------------------------------------------
XDATA_Z
  Relative segment, address: XDATA 0000F21E - 0000F21E (0x1 bytes), align: 0
  Segment part 78.            Intra module refs:   main
                                                   rf_IRQ
           LOCAL                   ADDRESS         
           =====                   =======         
           mode                    0000F21E 
    -------------------------------------------------------------------------
XDATA_Z
  Relative segment, address: XDATA 0000F21F - 0000F25E (0x40 bytes), align: 0
  Segment part 79.            Intra module refs:   set_servo_rssi
           LOCAL                   ADDRESS         
           =====                   =======         
           perRssiBuf              0000F21F 
    -------------------------------------------------------------------------
XDATA_Z
  Relative segment, address: XDATA 0000F25F - 0000F25F (0x1 bytes), align: 0
  Segment part 80.            Intra module refs:   set_servo_rssi
           LOCAL                   ADDRESS         
           =====                   =======         
           perRssiBufCounter       0000F25F 
    -------------------------------------------------------------------------
XDATA_Z
  Relative segment, address: XDATA 0000F260 - 0000F261 (0x2 bytes), align: 0
  Segment part 81.            Intra module refs:   set_servo_rssi
           LOCAL                   ADDRESS         
           =====                   =======         
           perRssiSum              0000F260 
    -------------------------------------------------------------------------
XDATA_Z
  Relative segment, address: XDATA 0000F262 - 0000F263 (0x2 bytes), align: 0
  Segment part 82.            Intra module refs:   set_servo_rssi
           LOCAL                   ADDRESS         
           =====                   =======         
           i                       0000F262 
    -------------------------------------------------------------------------
XDATA_Z
  Relative segment, address: XDATA 0000F264 - 0000F264 (0x1 bytes), align: 0
  Segment part 83.            Intra module refs:   main
           LOCAL                   ADDRESS         
           =====                   =======         
           rxfifo_in               0000F264 
    -------------------------------------------------------------------------
XDATA_Z
  Relative segment, address: XDATA 0000F265 - 0000F265 (0x1 bytes), align: 0
  Segment part 84.            Intra module refs:   main
           LOCAL                   ADDRESS         
           =====                   =======         
           rxfifo_out              0000F265 
    -------------------------------------------------------------------------
CODE_AN
  Relative segment, address: CODE 00007C00 - 00007FFF (0x400 bytes), align: 0
  Segment part 43. ROOT.      Intra module refs:   Binding_RX
                                                   main
           ENTRY                   ADDRESS         REF BY
           =====                   =======         ======
           flashDataAddr           00007C00 
    -------------------------------------------------------------------------
XDATA_Z
  Relative segment, address: XDATA 0000F266 - 0000F2C9 (0x64 bytes), align: 0
  Segment part 85.            Intra module refs:   Binding_RX
           LOCAL                   ADDRESS         
           =====                   =======         
           ramFuncAddr             0000F266 
    -------------------------------------------------------------------------
XDATA_I
  Relative segment, address: XDATA 0000F3AA - 0000F3BA (0x11 bytes), align: 0
  Segment part 52.            Intra module refs:   main
    -------------------------------------------------------------------------
XDATA_I
  Relative segment, address: XDATA 0000F3BB - 0000F3EC (0x32 bytes), align: 0
  Segment part 54.            Intra module refs:   main
    -------------------------------------------------------------------------
XDATA_I
  Relative segment, address: XDATA 0000F3ED - 0000F3FD (0x11 bytes), align: 0
  Segment part 56.            Intra module refs:   main
    -------------------------------------------------------------------------
XDATA_I
  Relative segment, address: XDATA 0000F3FE - 0000F408 (0xb bytes), align: 0
  Segment part 58.            Intra module refs:   main
    -------------------------------------------------------------------------
XDATA_I
  Relative segment, address: XDATA 0000F409 - 0000F420 (0x18 bytes), align: 0
  Segment part 60.            Intra module refs:   main
    -------------------------------------------------------------------------
XDATA_I
  Relative segment, address: XDATA 0000F421 - 0000F423 (0x3 bytes), align: 0
  Segment part 62.            Intra module refs:   main
    -------------------------------------------------------------------------
XDATA_I
  Relative segment, address: XDATA 0000F424 - 0000F426 (0x3 bytes), align: 0
  Segment part 64.            Intra module refs:   main
    -------------------------------------------------------------------------
XDATA_I
  Relative segment, address: XDATA 0000F427 - 0000F446 (0x20 bytes), align: 0
  Segment part 66.            Intra module refs:   Binding_RX
    -------------------------------------------------------------------------
XDATA_I
  Relative segment, address: XDATA 0000F447 - 0000F450 (0xa bytes), align: 0
  Segment part 68.            Intra module refs:   Binding_RX
    -------------------------------------------------------------------------
XDATA_I
  Relative segment, address: XDATA 0000F451 - 0000F468 (0x18 bytes), align: 0
  Segment part 70.            Intra module refs:   Binding_RX
    -------------------------------------------------------------------------
XDATA_I
  Relative segment, address: XDATA 0000F469 - 0000F479 (0x11 bytes), align: 0
  Segment part 72.            Intra module refs:   Binding_RX
    -------------------------------------------------------------------------
XDATA_I
  Relative segment, address: XDATA 0000F47A - 0000F48C (0x13 bytes), align: 0
  Segment part 74.            Intra module refs:   Binding_RX
    -------------------------------------------------------------------------
XDATA_I
  Relative segment, address: XDATA 0000F48D - 0000F4F0 (0x64 bytes), align: 0
  Segment part 86.            Intra module refs:   Binding_RX
                                                   flashWriter
                                                   main
           LOCAL                   ADDRESS         
           =====                   =======         
           data                    0000F48D 
    -------------------------------------------------------------------------
XDATA_Z
  Relative segment, address: XDATA 0000F2CA - 0000F2CB (0x2 bytes), align: 0
  Segment part 88.            Intra module refs:   timer1_ISR
           LOCAL                   ADDRESS         
           =====                   =======         
           total_ppm_time          0000F2CA 
    -------------------------------------------------------------------------
XDATA_I
  Relative segment, address: XDATA 0000F4F1 - 0000F500 (0x10 bytes), align: 0
  Segment part 89.            Intra module refs:   set_servo_rssi
                                                   timer1_ISR
           ENTRY                   ADDRESS         REF BY
           =====                   =======         ======
           Servo_Position          0000F4F1 
    -------------------------------------------------------------------------
XDATA_I
  Relative segment, address: XDATA 0000F501 - 0000F510 (0x10 bytes), align: 0
  Segment part 91.            Intra module refs:   set_servo_rssi
           ENTRY                   ADDRESS         REF BY
           =====                   =======         ======
           pwm_reseived            0000F501 
    -------------------------------------------------------------------------
XDATA_I
  Relative segment, address: XDATA 0000F511 - 0000F511 (0x1 bytes), align: 0
  Segment part 93.            Intra module refs:   timer1_ISR
           ENTRY                   ADDRESS         REF BY
           =====                   =======         ======
           Servo_Number            0000F511 
    -------------------------------------------------------------------------
XDATA_Z
  Relative segment, address: XDATA 0000F2CC - 0000F2CC (0x1 bytes), align: 0
  Segment part 95.            Intra module refs:   set_servo_rssi
           ENTRY                   ADDRESS         REF BY
           =====                   =======         ======
           tx_present              0000F2CC 
    -------------------------------------------------------------------------
XDATA_Z
  Relative segment, address: XDATA 0000F2CD - 0000F2CD (0x1 bytes), align: 0
  Segment part 97.            Intra module refs:   main
           ENTRY                   ADDRESS         REF BY
           =====                   =======         ======
           rxPacketStatus          0000F2CD        pktCheckValidity (per_test_radio)
    -------------------------------------------------------------------------
XDATA_Z
  Relative segment, address: XDATA 0000F2CE - 0000F2CE (0x1 bytes), align: 0
  Segment part 98.            Intra module refs:   main
           ENTRY                   ADDRESS         REF BY
           =====                   =======         ======
           missingPackets          0000F2CE 
    -------------------------------------------------------------------------
XDATA_Z
  Relative segment, address: XDATA 0000F2CF - 0000F2CF (0x1 bytes), align: 0
  Segment part 100.           Intra module refs:   main
           ENTRY                   ADDRESS         REF BY
           =====                   =======         ======
           failsafe                0000F2CF 
    -------------------------------------------------------------------------
XDATA_Z
  Relative segment, address: XDATA 0000F2D0 - 0000F2D1 (0x2 bytes), align: 0
  Segment part 102.           Intra module refs:   set_servo_rssi
           ENTRY                   ADDRESS         REF BY
           =====                   =======         ======
           RSSI_dbm                0000F2D0 
    -------------------------------------------------------------------------
XDATA_Z
  Relative segment, address: XDATA 0000F2D2 - 0000F2D3 (0x2 bytes), align: 0
  Segment part 106.           Intra module refs:   Binding_RX
           ENTRY                   ADDRESS         REF BY
           =====                   =======         ======
           bind_tx_id              0000F2D2 
    -------------------------------------------------------------------------
XDATA_Z
  Relative segment, address: XDATA 0000F2D4 - 0000F2D4 (0x1 bytes), align: 0
  Segment part 107.           Intra module refs:   servo_low
                                                   setup_Tim1_ch2
                                                   timer1_ISR
           ENTRY                   ADDRESS         REF BY
           =====                   =======         ======
           receiver_mode           0000F2D4 
    -------------------------------------------------------------------------
XDATA_Z
  Relative segment, address: XDATA 0000F2D5 - 0000F2D5 (0x1 bytes), align: 0
  Segment part 108.           Intra module refs:   Binding_RX
                                                   main
           ENTRY                   ADDRESS         REF BY
           =====                   =======         ======
           listLength              0000F2D5        frsky2way_init (per_test_radio)
                                                   nextChannel (per_test_radio)
    -------------------------------------------------------------------------
XDATA_Z
  Relative segment, address: XDATA 0000F2D6 - 0000F2D6 (0x1 bytes), align: 0
  Segment part 109.           Intra module refs:   Binding_RX
           ENTRY                   ADDRESS         REF BY
           =====                   =======         ======
           eol                     0000F2D6 
    -------------------------------------------------------------------------
XDATA_Z
  Relative segment, address: XDATA 0000F2D7 - 0000F2D7 (0x1 bytes), align: 0
  Segment part 110.           Intra module refs:   main
           ENTRY                   ADDRESS         REF BY
           =====                   =======         ======
           counter                 0000F2D7 
    -------------------------------------------------------------------------
NEAR_CODE
  Relative segment, address: CODE 000008FC - 0000091A (0x1f bytes), align: 0
  Segment part 126.           Intra module refs:   timer1_ISR
           ENTRY                   ADDRESS         REF BY
           =====                   =======         ======
           servo_low               000008FC 
               ISTACK = 00000000 ( 00000002 )
    -------------------------------------------------------------------------
NEAR_CODE
  Relative segment, address: CODE 0000091B - 000009F0 (0xd6 bytes), align: 0
  Segment part 129.           Intra module refs:   timer1_ISR::??INTVEC 75
           ENTRY                   ADDRESS         REF BY
           =====                   =======         ======
           timer1_ISR              0000091B 
               interrupt function
               calls direct
               ISTACK = 00000000 ( 0000000F )
    -------------------------------------------------------------------------
XDATA_Z
  Relative segment, address: XDATA 0000F2D8 - 0000F2D8 (0x1 bytes), align: 0
  Segment part 111.           Intra module refs:   t4_isr
           ENTRY                   ADDRESS         REF BY
           =====                   =======         ======
           RSSI_PWM_count          0000F2D8 
    -------------------------------------------------------------------------
XDATA_I
  Relative segment, address: XDATA 0000F512 - 0000F512 (0x1 bytes), align: 0
  Segment part 112.           Intra module refs:   t4_isr
           ENTRY                   ADDRESS         REF BY
           =====                   =======         ======
           RSSI_PWM_value          0000F512 
    -------------------------------------------------------------------------
NEAR_CODE
  Relative segment, address: CODE 000009F1 - 00000A2E (0x3e bytes), align: 0
  Segment part 130.           Intra module refs:   t4_isr::??INTVEC 99
           ENTRY                   ADDRESS         REF BY
           =====                   =======         ======
           t4_isr                  000009F1 
               interrupt function
               ISTACK = 00000000 ( 00000006 )
    -------------------------------------------------------------------------
NEAR_CODE
  Relative segment, address: CODE 00000A2F - 00000A95 (0x67 bytes), align: 0
  Segment part 131.           Intra module refs:   Binding_RX
           ENTRY                   ADDRESS         REF BY
           =====                   =======         ======
           runFunctionFromRam      00000A2F 
               XSTACK = 0000000B ( 0000000D )
    -------------------------------------------------------------------------
NEAR_CODE
  Relative segment, address: CODE 00000A96 - 00000AD9 (0x44 bytes), align: 0
  Segment part 132.           Intra module refs:   Binding_RX
           ENTRY                   ADDRESS         REF BY
           =====                   =======         ======
           flashWriter             00000A96 
               is indirectly called
               XSTACK = 00000000 ( 00000009 )
    -------------------------------------------------------------------------
NEAR_CODE
  Relative segment, address: CODE 00000ADA - 00000AE1 (0x8 bytes), align: 0
  Segment part 133.           Intra module refs:   Binding_RX
                                                   main
           ENTRY                   ADDRESS         REF BY
           =====                   =======         ======
           delay_5ms               00000ADA 
               XSTACK = 00000009 ( 00000000 )
    -------------------------------------------------------------------------
NEAR_CODE
  Relative segment, address: CODE 00000AE2 - 00000B3A (0x59 bytes), align: 0
  Segment part 135.           Intra module refs:   set_servo_rssi
           ENTRY                   ADDRESS         REF BY
           =====                   =======         ======
           setup_Tim1_ch2          00000AE2 
               XSTACK = 0000000F ( 00000000 )
               ISTACK = 00000000 ( 00000002 )
    -------------------------------------------------------------------------
XDATA_Z
  Relative segment, address: XDATA 0000F2D9 - 0000F2D9 (0x1 bytes), align: 0
  Segment part 115.           Intra module refs:   main
           ENTRY                   ADDRESS         REF BY
           =====                   =======         ======
           temp_count0             0000F2D9 
    -------------------------------------------------------------------------
XDATA_Z
  Relative segment, address: XDATA 0000F2DA - 0000F2DA (0x1 bytes), align: 0
  Segment part 119.           Intra module refs:   main
           ENTRY                   ADDRESS         REF BY
           =====                   =======         ======
           t3_count                0000F2DA 
    -------------------------------------------------------------------------
XDATA_Z
  Relative segment, address: XDATA 0000F2DB - 0000F2DB (0x1 bytes), align: 0
  Segment part 120.           Intra module refs:   main
           ENTRY                   ADDRESS         REF BY
           =====                   =======         ======
           multiplier              0000F2DB 
    -------------------------------------------------------------------------
XDATA_Z
  Relative segment, address: XDATA 0000F2DC - 0000F2DC (0x1 bytes), align: 0
  Segment part 121.           Intra module refs:   main
           ENTRY                   ADDRESS         REF BY
           =====                   =======         ======
           Binding                 0000F2DC 
    -------------------------------------------------------------------------
XDATA_I
  Relative segment, address: XDATA 0000F513 - 0000F514 (0x2 bytes), align: 0
  Segment part 122.           Intra module refs:   main
           ENTRY                   ADDRESS         REF BY
           =====                   =======         ======
           state                   0000F513 
    -------------------------------------------------------------------------
XDATA_I
  Relative segment, address: XDATA 0000F515 - 0000F518 (0x4 bytes), align: 0
  Segment part 124.           Intra module refs:   set_servo_rssi
           ENTRY                   ADDRESS         REF BY
           =====                   =======         ======
           __Constant_3fec49ba     0000F515 
    -------------------------------------------------------------------------
NEAR_CODE
  Relative segment, address: CODE 00000B3B - 00000DA3 (0x269 bytes), align: 0
  Segment part 136.
           ENTRY                   ADDRESS         REF BY
           =====                   =======         ======
           main                    00000B3B        ?call_main (?cmain)
               calls direct
               ISTACK = 00000000 ( 00000001 )
    -------------------------------------------------------------------------
NEAR_CODE
  Relative segment, address: CODE 00000DA4 - 00000F56 (0x1b3 bytes), align: 0
  Segment part 137.           Intra module refs:   main
           ENTRY                   ADDRESS         REF BY
           =====                   =======         ======
           set_servo_rssi          00000DA4 
               calls direct
               XSTACK = 00000000 ( 0000000F )
    -------------------------------------------------------------------------
NEAR_CODE
  Relative segment, address: CODE 00000F57 - 00000F88 (0x32 bytes), align: 0
  Segment part 138.           Intra module refs:   rf_IRQ::??INTVEC 131
           ENTRY                   ADDRESS         REF BY
           =====                   =======         ======
           rf_IRQ                  00000F57 
               interrupt function
               ISTACK = 00000000 ( 00000004 )
    -------------------------------------------------------------------------
NEAR_CODE
  Relative segment, address: CODE 00000F89 - 00001183 (0x1fb bytes), align: 0
  Segment part 139.           Intra module refs:   main
           ENTRY                   ADDRESS         REF BY
           =====                   =======         ======
           Binding_RX              00000F89 
               calls direct
               XSTACK = 00000000 ( 0000000B )
               ISTACK = 00000000 ( 00000001 )
    -------------------------------------------------------------------------
INTVEC
  Common segment, address: CODE 00000000 - 0000004D (0x4e bytes), align: 0
  Segment part 44. ROOT.
           ENTRY                   ADDRESS         REF BY
           =====                   =======         ======
           timer1_ISR::??INTVEC 75
                                   0000004B 
    -------------------------------------------------------------------------
INTVEC
  Common segment, address: CODE 00000000 - 00000065 (0x66 bytes), align: 0
  Segment part 45. ROOT.
           ENTRY                   ADDRESS         REF BY
           =====                   =======         ======
           t4_isr::??INTVEC 99     00000063 
    -------------------------------------------------------------------------
INTVEC
  Common segment, address: CODE 00000000 - 00000085 (0x86 bytes), align: 0
  Segment part 46. ROOT.
           ENTRY                   ADDRESS         REF BY
           =====                   =======         ======
           rf_IRQ::??INTVEC 131    00000083 
    -------------------------------------------------------------------------
XDATA_ID
  Relative segment, address: CODE 000000E5 - 000000F5 (0x11 bytes), align: 0
  Segment part 53.            Intra module refs:   Segment part 52
    -------------------------------------------------------------------------
XDATA_ID
  Relative segment, address: CODE 000000F6 - 00000127 (0x32 bytes), align: 0
  Segment part 55.            Intra module refs:   Segment part 54
    -------------------------------------------------------------------------
XDATA_ID
  Relative segment, address: CODE 00000128 - 00000138 (0x11 bytes), align: 0
  Segment part 57.            Intra module refs:   Segment part 56
    -------------------------------------------------------------------------
XDATA_ID
  Relative segment, address: CODE 00000139 - 00000143 (0xb bytes), align: 0
  Segment part 59.            Intra module refs:   Segment part 58
    -------------------------------------------------------------------------
XDATA_ID
  Relative segment, address: CODE 00000144 - 0000015B (0x18 bytes), align: 0
  Segment part 61.            Intra module refs:   Segment part 60
    -------------------------------------------------------------------------
XDATA_ID
  Relative segment, address: CODE 0000015C - 0000015E (0x3 bytes), align: 0
  Segment part 63.            Intra module refs:   Segment part 62
    -------------------------------------------------------------------------
XDATA_ID
  Relative segment, address: CODE 0000015F - 00000161 (0x3 bytes), align: 0
  Segment part 65.            Intra module refs:   Segment part 64
    -------------------------------------------------------------------------
XDATA_ID
  Relative segment, address: CODE 00000162 - 00000181 (0x20 bytes), align: 0
  Segment part 67.            Intra module refs:   Segment part 66
    -------------------------------------------------------------------------
XDATA_ID
  Relative segment, address: CODE 00000182 - 0000018B (0xa bytes), align: 0
  Segment part 69.            Intra module refs:   Segment part 68
    -------------------------------------------------------------------------
XDATA_ID
  Relative segment, address: CODE 0000018C - 000001A3 (0x18 bytes), align: 0
  Segment part 71.            Intra module refs:   Segment part 70
    -------------------------------------------------------------------------
XDATA_ID
  Relative segment, address: CODE 000001A4 - 000001B4 (0x11 bytes), align: 0
  Segment part 73.            Intra module refs:   Segment part 72
    -------------------------------------------------------------------------
XDATA_ID
  Relative segment, address: CODE 000001B5 - 000001C7 (0x13 bytes), align: 0
  Segment part 75.            Intra module refs:   Segment part 74
    -------------------------------------------------------------------------
XDATA_ID
  Relative segment, address: CODE 000001C8 - 0000022B (0x64 bytes), align: 0
  Segment part 87.            Intra module refs:   data
    -------------------------------------------------------------------------
XDATA_ID
  Relative segment, address: CODE 0000022C - 0000023B (0x10 bytes), align: 0
  Segment part 90.            Intra module refs:   Servo_Position
    -------------------------------------------------------------------------
XDATA_ID
  Relative segment, address: CODE 0000023C - 0000024B (0x10 bytes), align: 0
  Segment part 92.            Intra module refs:   pwm_reseived
    -------------------------------------------------------------------------
XDATA_ID
  Relative segment, address: CODE 0000024C - 0000024C (0x1 bytes), align: 0
  Segment part 94.            Intra module refs:   Servo_Number
    -------------------------------------------------------------------------
XDATA_ID
  Relative segment, address: CODE 0000024D - 0000024D (0x1 bytes), align: 0
  Segment part 113.           Intra module refs:   RSSI_PWM_value
    -------------------------------------------------------------------------
XDATA_ID
  Relative segment, address: CODE 0000024E - 0000024F (0x2 bytes), align: 0
  Segment part 123.           Intra module refs:   state
    -------------------------------------------------------------------------
XDATA_ID
  Relative segment, address: CODE 00000250 - 00000253 (0x4 bytes), align: 0
  Segment part 125.           Intra module refs:   __Constant_3fec49ba

    *************************************************************************

  FILE NAME : D:\CC1111F32\Rc_test\FrSky\FrSky_D8_rx\iar\Debug on CC2510\Obj\per_test_radio.r51
  PROGRAM MODULE, NAME : per_test_radio

  SEGMENTS IN THE MODULE
  ======================
XDATA_Z
  Relative segment, address: XDATA 0000F2DD - 0000F2DE (0x2 bytes), align: 0
  Segment part 7.             Intra module refs:   convertRssiByte
                                                   frsky2way_init
           LOCAL                   ADDRESS         
           =====                   =======         
           perRssiOffset           0000F2DD 
    -------------------------------------------------------------------------
XDATA_Z
  Relative segment, address: XDATA 0000F2DF - 0000F2DF (0x1 bytes), align: 0
  Segment part 8.             Intra module refs:   nextChannel
           ENTRY                   ADDRESS         REF BY
           =====                   =======         ======
           chann_hoping            0000F2DF        main (per_test_main)
    -------------------------------------------------------------------------
XDATA_Z
  Relative segment, address: XDATA 0000F2E0 - 0000F311 (0x32 bytes), align: 0
  Segment part 10.            Intra module refs:   frsky2way_init
                                                   nextChannel
           ENTRY                   ADDRESS         REF BY
           =====                   =======         ======
           channel_map             0000F2E0        Binding_RX (per_test_main)
                                                   main (per_test_main)
    -------------------------------------------------------------------------
XDATA_Z
  Relative segment, address: XDATA 0000F312 - 0000F343 (0x32 bytes), align: 0
  Segment part 11.            Intra module refs:   frsky2way_init
                                                   nextChannel
           ENTRY                   ADDRESS         REF BY
           =====                   =======         ======
           calData1                0000F312        Binding_RX (per_test_main)
    -------------------------------------------------------------------------
XDATA_Z
  Relative segment, address: XDATA 0000F344 - 0000F375 (0x32 bytes), align: 0
  Segment part 12.            Intra module refs:   frsky2way_init
                                                   nextChannel
           ENTRY                   ADDRESS         REF BY
           =====                   =======         ======
           calData3                0000F344        Binding_RX (per_test_main)
    -------------------------------------------------------------------------
XDATA_Z
  Relative segment, address: XDATA 0000F376 - 0000F377 (0x2 bytes), align: 0
  Segment part 13.            Intra module refs:   pktCheckId
           ENTRY                   ADDRESS         REF BY
           =====                   =======         ======
           tx_id                   0000F376        Binding_RX (per_test_main)
                                                   main (per_test_main)
    -------------------------------------------------------------------------
NEAR_CODE
  Relative segment, address: CODE 00001184 - 000011E5 (0x62 bytes), align: 0
  Segment part 14.
           ENTRY                   ADDRESS         REF BY
           =====                   =======         ======
           nextChannel             00001184        main (per_test_main)
               ISTACK = 00000000 ( 00000003 )
    -------------------------------------------------------------------------
NEAR_CODE
  Relative segment, address: CODE 000011E6 - 00001347 (0x162 bytes), align: 0
  Segment part 15.
           ENTRY                   ADDRESS         REF BY
           =====                   =======         ======
           frsky2way_init          000011E6        Binding_RX (per_test_main)
                                                   main (per_test_main)
               ISTACK = 00000000 ( 00000003 )
    -------------------------------------------------------------------------
NEAR_CODE
  Relative segment, address: CODE 00001348 - 0000137D (0x36 bytes), align: 0
  Segment part 16.
           ENTRY                   ADDRESS         REF BY
           =====                   =======         ======
           pktCheckValidity        00001348        Binding_RX (per_test_main)
                                                   main (per_test_main)
               calls direct
               ISTACK = 00000000 ( 00000002 )
    -------------------------------------------------------------------------
NEAR_CODE
  Relative segment, address: CODE 0000137E - 000013B8 (0x3b bytes), align: 0
  Segment part 17.
           ENTRY                   ADDRESS         REF BY
           =====                   =======         ======
           convertRssiByte         0000137E        set_servo_rssi (per_test_main)
               XSTACK = 00000000 ( 00000009 )
    -------------------------------------------------------------------------
NEAR_CODE
  Relative segment, address: CODE 000013B9 - 000013E8 (0x30 bytes), align: 0
  Segment part 18.            Intra module refs:   pktCheckValidity
           LOCAL                   ADDRESS         
           =====                   =======         
           pktCheckId              000013B9 
               ISTACK = 00000000 ( 00000002 )
    -------------------------------------------------------------------------
NEAR_CODE
  Relative segment, address: CODE 000013E9 - 00001400 (0x18 bytes), align: 0
  Segment part 19.            Intra module refs:   pktCheckValidity
           LOCAL                   ADDRESS         
           =====                   =======         
           pktCheckCrc             000013E9 
               ISTACK = 00000000 ( 00000002 )

    *************************************************************************

  FILE NAME : D:\CC1111F32\Rc_test\FrSky\FrSky_D8_rx\iar\Debug on CC2510\Obj\uart.r51
  PROGRAM MODULE, NAME : uart

  SEGMENTS IN THE MODULE
  ======================
SFR_AN
  Relative segment, address: DATA 00000086 - 00000086 (0x1 bytes), align: 0
  Segment part 1. ROOT.       Intra module refs:   Init_UART
                                                   cons_putc
           ENTRY                   ADDRESS         REF BY
           =====                   =======         ======
           U0CSR                   00000086 
    -------------------------------------------------------------------------
SFR_AN
  Relative segment, address: DATA 000000C1 - 000000C1 (0x1 bytes), align: 0
  Segment part 3. ROOT.       Intra module refs:   URX0_IRQ
                                                   cons_putc
           ENTRY                   ADDRESS         REF BY
           =====                   =======         ======
           U0DBUF                  000000C1 
    -------------------------------------------------------------------------
SFR_AN
  Relative segment, address: DATA 000000C2 - 000000C2 (0x1 bytes), align: 0
  Segment part 4. ROOT.       Intra module refs:   Init_UART
           ENTRY                   ADDRESS         REF BY
           =====                   =======         ======
           U0BAUD                  000000C2 
    -------------------------------------------------------------------------
SFR_AN
  Relative segment, address: DATA 000000C4 - 000000C4 (0x1 bytes), align: 0
  Segment part 5. ROOT.       Intra module refs:   Init_UART
           ENTRY                   ADDRESS         REF BY
           =====                   =======         ======
           U0UCR                   000000C4 
    -------------------------------------------------------------------------
SFR_AN
  Relative segment, address: DATA 000000C5 - 000000C5 (0x1 bytes), align: 0
  Segment part 6. ROOT.       Intra module refs:   Init_UART
           ENTRY                   ADDRESS         REF BY
           =====                   =======         ======
           U0GCR                   000000C5 
    -------------------------------------------------------------------------
XDATA_Z
  Relative segment, address: XDATA 0000F378 - 0000F3A8 (0x31 bytes), align: 0
  Segment part 19.            Intra module refs:   URX0_IRQ
           LOCAL                   ADDRESS         
           =====                   =======         
           rxfifo                  0000F378 
    -------------------------------------------------------------------------
XDATA_Z
  Relative segment, address: XDATA 0000F3A9 - 0000F3A9 (0x1 bytes), align: 0
  Segment part 20.            Intra module refs:   URX0_IRQ
           LOCAL                   ADDRESS         
           =====                   =======         
           rxfifo_in               0000F3A9 
    -------------------------------------------------------------------------
NEAR_CODE
  Relative segment, address: CODE 00001401 - 00001434 (0x34 bytes), align: 0
  Segment part 25.
           ENTRY                   ADDRESS         REF BY
           =====                   =======         ======
           Init_UART               00001401        main (per_test_main)
    -------------------------------------------------------------------------
NEAR_CODE
  Relative segment, address: CODE 00001435 - 00001443 (0xf bytes), align: 0
  Segment part 26.            Intra module refs:   cons_puthex8
                                                   cons_puts
           ENTRY                   ADDRESS         REF BY
           =====                   =======         ======
           cons_putc               00001435        Binding_RX (per_test_main)
                                                   main (per_test_main)
               XSTACK = 0000000D ( 00000000 )
    -------------------------------------------------------------------------
NEAR_CODE
  Relative segment, address: CODE 00001444 - 0000145B (0x18 bytes), align: 0
  Segment part 27.
           ENTRY                   ADDRESS         REF BY
           =====                   =======         ======
           cons_puts               00001444        Binding_RX (per_test_main)
                                                   main (per_test_main)
               calls direct
               XSTACK = 00000018 ( 00000000 )
               ISTACK = 00000000 ( 00000002 )
    -------------------------------------------------------------------------
NEAR_CODE
  Relative segment, address: CODE 0000145C - 0000146C (0x11 bytes), align: 0
  Segment part 28.            Intra module refs:   cons_puthex8
           ENTRY                   ADDRESS         REF BY
           =====                   =======         ======
           nibble_to_char          0000145C 
               XSTACK = 0000000D ( 00000000 )
    -------------------------------------------------------------------------
NEAR_CODE
  Relative segment, address: CODE 0000146D - 00001489 (0x1d bytes), align: 0
  Segment part 29.
           ENTRY                   ADDRESS         REF BY
           =====                   =======         ======
           cons_puthex8            0000146D        Binding_RX (per_test_main)
                                                   main (per_test_main)
               calls direct
               ISTACK = 00000000 ( 00000001 )
    -------------------------------------------------------------------------
NEAR_CODE
  Relative segment, address: CODE 0000148A - 000014DA (0x51 bytes), align: 0
  Segment part 32.            Intra module refs:   URX0_IRQ::??INTVEC 59
           ENTRY                   ADDRESS         REF BY
           =====                   =======         ======
           URX0_IRQ                0000148A 
               interrupt function
               ISTACK = 00000000 ( 00000007 )
    -------------------------------------------------------------------------
INTVEC
  Common segment, address: CODE 00000000 - 0000003D (0x3e bytes), align: 0
  Segment part 9. ROOT.
           ENTRY                   ADDRESS         REF BY
           =====                   =======         ======
           URX0_IRQ::??INTVEC 59   0000003B 

    *************************************************************************

  FILE NAME : C:\Program Files (x86)\IAR Systems\Embedded Workbench 5.4\8051\LIB\CLIB\cl-pli-nlxd-1e16x01.r51
  LIBRARY MODULE, NAME : ?cexit

  SEGMENTS IN THE MODULE
  ======================
CSTART
  Relative segment, address: CODE 00000086 - 0000008A (0x5 bytes), align: 0
  Segment part 0.
           ENTRY                   ADDRESS         REF BY
           =====                   =======         ======
           exit                    00000086        ?call_main (?cmain)
           ?C_EXIT                 00000086 
           ?ROM_MONITOR_NOPS       00000086 

    -------------------------------------------------------------------------
  LIBRARY MODULE, NAME : ?cmain

  SEGMENTS IN THE MODULE
  ======================
CSTART
  Relative segment, address: CODE 0000008B, align: 0
  Segment part 0.
           ENTRY                   ADDRESS         REF BY
           =====                   =======         ======
           ?cmain                  0000008B        Segment part 12 (CSTARTUP)
    -------------------------------------------------------------------------
CSTART
  Relative segment, address: CODE 0000008B - 00000093 (0x9 bytes), align: 0
  Segment part 1.
           ENTRY                   ADDRESS         REF BY
           =====                   =======         ======
           __low_level_init_call   0000008B        __low_level_init (?low_level_init)
    -------------------------------------------------------------------------
CSTART
  Relative segment, address: CODE 00000094 - 000000A3 (0x10 bytes), align: 0
  Segment part 11.
           ENTRY                   ADDRESS         REF BY
           =====                   =======         ======
           __INIT_XDATA_Z          00000094        Binding (per_test_main)
                                                   RSSI_PWM_count (per_test_main)
[...]
                                                   runFunctionFromRam (per_test_main)
                                                   set_servo_rssi (per_test_main)
    -------------------------------------------------------------------------
XSP
  Relative segment, address: DATA 00000010 - 00000011 (0x2 bytes), align: 0
  Segment part 3.
           ENTRY                   ADDRESS         REF BY
           =====                   =======         ======
           ?XSP                    00000010        ?ADD_XSTACK_DISP0_8 (?ADD_XSTACK_DISP8)
                                                   ?DEALLOC_XSTACK8 (?DEALLOC_XSTACK8)
                                                   ?FUNC_ENTER_XDATA (?FUNC_ENTER_XDATA)
                                                   ?FUNC_LEAVE_XDATA (?FUNC_LEAVE_XDATA)
                                                   ?INTERRUPT_ENTER_XSP (?INTERRUPT_ENTER_XSP)
                                                   ?INTERRUPT_LEAVE_XSP (?INTERRUPT_LEAVE_XSP)
                                                   ?RESET_XSP (CSTARTUP)
                                                   ?XSTACK_DISP0_8 (?XSTACK_DISP8)

    -------------------------------------------------------------------------
  LIBRARY MODULE, NAME : ?L_TO_FLT

  SEGMENTS IN THE MODULE
  ======================
RCODE
  Relative segment, address: CODE 0000025E - 000002BA (0x5d bytes), align: 0
  Segment part 3.
           ENTRY                   ADDRESS         REF BY
           =====                   =======         ======
           ?UL_TO_FLT              0000025E        set_servo_rssi (per_test_main)

    -------------------------------------------------------------------------
  LIBRARY MODULE, NAME : ?FLT_TO_L

  SEGMENTS IN THE MODULE
  ======================
RCODE
  Relative segment, address: CODE 000002BB - 000002EE (0x34 bytes), align: 0
  Segment part 3.
           ENTRY                   ADDRESS         REF BY
           =====                   =======         ======
           ?FLT_TO_L               000002BB        set_servo_rssi (per_test_main)
    -------------------------------------------------------------------------
RCODE
  Relative segment, address: CODE 000002EF - 000002FA (0xc bytes), align: 0
  Segment part 4.             Intra module refs:   ?FLT_TO_L
    -------------------------------------------------------------------------
RCODE
  Relative segment, address: CODE 000002FB - 00000349 (0x4f bytes), align: 0
  Segment part 5.             Intra module refs:   ?FLT_TO_L

    -------------------------------------------------------------------------
  LIBRARY MODULE, NAME : ?FLT_TEST_ZERO

  SEGMENTS IN THE MODULE
  ======================
RCODE
  Relative segment, address: CODE 0000034A - 00000353 (0xa bytes), align: 0
  Segment part 1.
           ENTRY                   ADDRESS         REF BY
           =====                   =======         ======
           ?FLT_TEST_ZERO_REW      0000034A        ?FLT_DIV (?FLT_DIV)

    -------------------------------------------------------------------------
  LIBRARY MODULE, NAME : ?FLT_TEST_ZERO_R1

  SEGMENTS IN THE MODULE
  ======================
RCODE
  Relative segment, address: CODE 00000354 - 0000035D (0xa bytes), align: 0
  Segment part 1.
           ENTRY                   ADDRESS         REF BY
           =====                   =======         ======
           ?FLT_TEST_ZERO_R1_REW   00000354        ?FLT_DIV (?FLT_DIV)

    -------------------------------------------------------------------------
  LIBRARY MODULE, NAME : ?FLT_TEST_INF

  SEGMENTS IN THE MODULE
  ======================
RCODE
  Relative segment, address: CODE 0000035E - 0000036F (0x12 bytes), align: 0
  Segment part 1.
           ENTRY                   ADDRESS         REF BY
           =====                   =======         ======
           ?FLT_TEST_INF           0000035E        ?FLT_DIV (?FLT_DIV)

    -------------------------------------------------------------------------
  LIBRARY MODULE, NAME : ?FLT_TEST_INF_R1

  SEGMENTS IN THE MODULE
  ======================
RCODE
  Relative segment, address: CODE 00000370 - 00000381 (0x12 bytes), align: 0
  Segment part 1.
           ENTRY                   ADDRESS         REF BY
           =====                   =======         ======
           ?FLT_TEST_INF_R1        00000370        ?FLT_DIV (?FLT_DIV)

    -------------------------------------------------------------------------
  LIBRARY MODULE, NAME : ?FLT_TEST_NAN

  SEGMENTS IN THE MODULE
  ======================
RCODE
  Relative segment, address: CODE 00000382 - 00000390 (0xf bytes), align: 0
  Segment part 1.
           ENTRY                   ADDRESS         REF BY
           =====                   =======         ======
           ?FLT_TEST_NAN           00000382        ?FLT_DIV (?FLT_DIV)

    -------------------------------------------------------------------------
  LIBRARY MODULE, NAME : ?FLT_TEST_NAN_R1

  SEGMENTS IN THE MODULE
  ======================
RCODE
  Relative segment, address: CODE 00000391 - 0000039F (0xf bytes), align: 0
  Segment part 1.
           ENTRY                   ADDRESS         REF BY
           =====                   =======         ======
           ?FLT_TEST_NAN_R1        00000391        ?FLT_DIV (?FLT_DIV)

    -------------------------------------------------------------------------
  LIBRARY MODULE, NAME : ?FLT_DIV

  SEGMENTS IN THE MODULE
  ======================
RCODE
  Relative segment, address: CODE 000003A0 - 00000585 (0x1e6 bytes), align: 0
  Segment part 1.
           ENTRY                   ADDRESS         REF BY
           =====                   =======         ======
           ?FLT_DIV                000003A0        set_servo_rssi (per_test_main)

    -------------------------------------------------------------------------
  LIBRARY MODULE, NAME : ?L_MOV_X

  SEGMENTS IN THE MODULE
  ======================
RCODE
  Relative segment, address: CODE 00000586 - 00000594 (0xf bytes), align: 0
  Segment part 0.
           ENTRY                   ADDRESS         REF BY
           =====                   =======         ======
           ?L_MOV_X                00000586        set_servo_rssi (per_test_main)

    -------------------------------------------------------------------------
  LIBRARY MODULE, NAME : ?MOVE_LONG8_XDATA_IDATA

  SEGMENTS IN THE MODULE
  ======================
RCODE
  Relative segment, address: CODE 00000595 - 000005A1 (0xd bytes), align: 0
  Segment part 0.
           ENTRY                   ADDRESS         REF BY
           =====                   =======         ======
           ?MOVE_LONG8_XDATA_IDATA
                                   00000595        ?PUSH_XSTACK_I (?PUSH_XSTACK_I)

    -------------------------------------------------------------------------
  LIBRARY MODULE, NAME : ?S_DIV_MOD

  SEGMENTS IN THE MODULE
  ======================
RCODE
  Relative segment, address: CODE 000005A2 - 000005E2 (0x41 bytes), align: 0
  Segment part 0.
           ENTRY                   ADDRESS         REF BY
           =====                   =======         ======
           ?S_DIV_MOD              000005DB        convertRssiByte (per_test_radio)
    -------------------------------------------------------------------------
RCODE
  Relative segment, address: CODE 000005E3 - 0000063B (0x59 bytes), align: 0
  Segment part 1.             Intra module refs:   ?S_DIV_MOD
           ENTRY                   ADDRESS         REF BY
           =====                   =======         ======
           ?US_DIV_MOD             000005E3 

    -------------------------------------------------------------------------
  LIBRARY MODULE, NAME : ?S_SHL

  SEGMENTS IN THE MODULE
  ======================
RCODE
  Relative segment, address: CODE 0000063C - 0000063E (0x3 bytes), align: 0
  Segment part 0.
           ENTRY                   ADDRESS         REF BY
           =====                   =======         ======
           ?S_SHL                  0000063C        set_servo_rssi (per_test_main)
    -------------------------------------------------------------------------
RCODE
  Relative segment, address: CODE 0000063F - 00000641 (0x3 bytes), align: 0
  Segment part 1.             Intra module refs:   Segment part 2
           ENTRY                   ADDRESS         REF BY
           =====                   =======         ======
           ?S_SHL_REW              0000063F 
    -------------------------------------------------------------------------
RCODE
  Relative segment, address: CODE 00000642 - 0000064E (0xd bytes), align: 0
  Segment part 2.             Intra module refs:   ?S_SHL
                                                   ?S_SHL_REW

    -------------------------------------------------------------------------
  LIBRARY MODULE, NAME : ?DEALLOC_XSTACK8

  SEGMENTS IN THE MODULE
  ======================
RCODE
  Relative segment, address: CODE 0000064F - 00000668 (0x1a bytes), align: 0
  Segment part 0.
           ENTRY                   ADDRESS         REF BY
           =====                   =======         ======
           ?DEALLOC_XSTACK8        0000064F        Binding_RX (per_test_main)

    -------------------------------------------------------------------------
  LIBRARY MODULE, NAME : ?ADD_XSTACK_DISP8

  SEGMENTS IN THE MODULE
  ======================
RCODE
  Relative segment, address: CODE 00000669 - 00000683 (0x1b bytes), align: 0
  Segment part 1.
           ENTRY                   ADDRESS         REF BY
           =====                   =======         ======
           ?ADD_XSTACK_DISP0_8     00000669        ?PUSH_XSTACK_I (?PUSH_XSTACK_I)

    -------------------------------------------------------------------------
  LIBRARY MODULE, NAME : ?XSTACK_DISP8

  SEGMENTS IN THE MODULE
  ======================
RCODE
  Relative segment, address: CODE 00000684 - 0000068D (0xa bytes), align: 0
  Segment part 1.
           ENTRY                   ADDRESS         REF BY
           =====                   =======         ======
           ?XSTACK_DISP0_8         00000684        runFunctionFromRam (per_test_main)

    -------------------------------------------------------------------------
  LIBRARY MODULE, NAME : ?CALL_IND

  SEGMENTS IN THE MODULE
  ======================
RCODE
  Relative segment, address: CODE 0000068E - 0000068F (0x2 bytes), align: 0
  Segment part 0.
           ENTRY                   ADDRESS         REF BY
           =====                   =======         ======
           ?CALL_IND               0000068E        runFunctionFromRam (per_test_main)

    -------------------------------------------------------------------------
  LIBRARY MODULE, NAME : ?FUNC_ENTER_XDATA

  SEGMENTS IN THE MODULE
  ======================
RCODE
  Relative segment, address: CODE 00000690 - 000006EF (0x60 bytes), align: 0
  Segment part 1.
           ENTRY                   ADDRESS         REF BY
           =====                   =======         ======
           ?FUNC_ENTER_XDATA       00000690        Binding_RX (per_test_main)
                                                   convertRssiByte (per_test_radio)
                                                   flashWriter (per_test_main)
                                                   runFunctionFromRam (per_test_main)
                                                   set_servo_rssi (per_test_main)

    -------------------------------------------------------------------------
  LIBRARY MODULE, NAME : ?FUNC_LEAVE_XDATA

  SEGMENTS IN THE MODULE
  ======================
RCODE
  Relative segment, address: CODE 000006F0 - 00000727 (0x38 bytes), align: 0
  Segment part 1.
           ENTRY                   ADDRESS         REF BY
           =====                   =======         ======
           ?FUNC_LEAVE_XDATA       000006F0        convertRssiByte (per_test_radio)
                                                   flashWriter (per_test_main)
                                                   runFunctionFromRam (per_test_main)
                                                   set_servo_rssi (per_test_main)

    -------------------------------------------------------------------------
  LIBRARY MODULE, NAME : ?INTERRUPT_ENTER_XSP

  SEGMENTS IN THE MODULE
  ======================
RCODE
  Relative segment, address: CODE 00000728 - 00000786 (0x5f bytes), align: 0
  Segment part 1.
           ENTRY                   ADDRESS         REF BY
           =====                   =======         ======
           ?INTERRUPT_ENTER_XSP    00000728        timer1_ISR (per_test_main)

    -------------------------------------------------------------------------
  LIBRARY MODULE, NAME : ?INTERRUPT_LEAVE_XSP

  SEGMENTS IN THE MODULE
  ======================
RCODE
  Relative segment, address: CODE 00000787 - 000007D6 (0x50 bytes), align: 0
  Segment part 1.
           ENTRY                   ADDRESS         REF BY
           =====                   =======         ======
           ?INTERRUPT_LEAVE_XSP    00000787        timer1_ISR (per_test_main)

    -------------------------------------------------------------------------
  LIBRARY MODULE, NAME : ?PUSH_XSTACK_I

  SEGMENTS IN THE MODULE
  ======================
RCODE
  Relative segment, address: CODE 000007D7 - 000007DA (0x4 bytes), align: 0
  Segment part 2.
           ENTRY                   ADDRESS         REF BY
           =====                   =======         ======
           ?PUSH_XSTACK_I_TWO      000007D7        Binding_RX (per_test_main)
    -------------------------------------------------------------------------
RCODE
  Relative segment, address: CODE 000007DB - 000007E7 (0xd bytes), align: 0
  Segment part 4.             Intra module refs:   ?PUSH_XSTACK_I_TWO
           ENTRY                   ADDRESS         REF BY
           =====                   =======         ======
           ?PUSH_XSTACK_I          000007DB 

    -------------------------------------------------------------------------
  LIBRARY MODULE, NAME : ?UC_SWITCH_DENSE

  SEGMENTS IN THE MODULE
  ======================
RCODE
  Relative segment, address: CODE 000007E8 - 000007ED (0x6 bytes), align: 0
  Segment part 0.
           ENTRY                   ADDRESS         REF BY
           =====                   =======         ======
           ?UC_SWITCH_DENSE        000007E8        timer1_ISR (per_test_main)
    -------------------------------------------------------------------------
RCODE
  Relative segment, address: CODE 000007EE - 0000081C (0x2f bytes), align: 0
  Segment part 2.             Intra module refs:   ?UC_SWITCH_DENSE
    -------------------------------------------------------------------------
RCODE
  Relative segment, address: CODE 0000081D - 0000081D (0x1 bytes), align: 0
  Segment part 4.             Intra module refs:   ?UC_SWITCH_DENSE

    -------------------------------------------------------------------------
  LIBRARY MODULE, NAME : ?low_level_init

  SEGMENTS IN THE MODULE
  ======================
CSTART
  Relative segment, address: CODE 000000E2 - 000000E4 (0x3 bytes), align: 0
  Segment part 6. ROOT.
           ENTRY                   ADDRESS         REF BY
           =====                   =======         ======
           __low_level_init        000000E2        __low_level_init_call (?cmain)




                ****************************************
                *                                      *
                *      SEGMENTS IN ADDRESS ORDER       *
                *                                      *
                ****************************************


SEGMENT              SPACE    START ADDRESS   END ADDRESS     SIZE  TYPE  ALIGN
=======              =====    =============   ===========     ====  ====  =====
INTVEC               CODE          00000000 - 00000085          86   com    0
CSTART               CODE          00000086 - 000000E4          5F   rel    0
DATA_ID              CODE               000000E5                     dse    0
BDATA_ID             CODE               000000E5                     dse    0
BIT_ID               CODE               000000E5                     dse    0
IXDATA_ID            CODE               000000E5                     dse    0
PDATA_ID             CODE               000000E5                     dse    0
IDATA_ID             CODE               000000E5                     dse    0
XDATA_ID             CODE          000000E5 - 00000253         16F   rel    0
RCODE                CODE          00000254 - 0000081D         5CA   rel    1
DIFUNCT              CODE               0000081E                     dse    0
CODE_C               CODE               0000081E                     dse    0
CODE_N               CODE               0000081E                     dse    0
NEAR_CODE            CODE          0000081E - 000014DA         CBD   rel    0
CODE_AN              CODE          00007C00 - 00007FFF         400   rel    0
REGISTERS            DATA          00000000 - 00000007           8   rel    0
VREG                 DATA          00000008 - 0000000F           8   rel    0
PSP                  DATA               00000010                     dse    0
XSP                  DATA          00000010 - 00000011           2   rel    0
BREG                 BIT        00000020.0  -  00000020.7        8   rel    0
SFR_AN               DATA          00000080 - 00000080           1   rel    0
                     DATA          00000086 - 00000086           1 
                     DATA          00000088 - 00000088           1 
                     DATA          00000090 - 00000091           2 
                     DATA          0000009A - 0000009E           5 
                     DATA          000000A0 - 000000A0           1 
                     DATA          000000A8 - 000000A8           1 
                     DATA          000000AC - 000000AF           4 
                     DATA          000000B6 - 000000B6           1 
                     DATA          000000B8 - 000000B8           1 
                     DATA          000000BA - 000000BB           2 
                     DATA          000000BE - 000000BE           1 
                     DATA          000000C0 - 000000C2           3 
                     DATA          000000C4 - 000000C6           3 
                     DATA          000000CB - 000000CE           4 
                     DATA          000000D4 - 000000D6           3 
                     DATA          000000D8 - 000000D8           1 
                     DATA          000000DA - 000000DB           2 
                     DATA          000000DE - 000000DF           2 
                     DATA          000000E1 - 000000E2           2 
                     DATA          000000E4 - 000000E5           2 
                     DATA          000000E7 - 000000E7           1 
                     DATA          000000E9 - 000000E9           1 
                     DATA          000000EB - 000000EB           1 
                     DATA          000000ED - 000000ED           1 
                     DATA          000000F1 - 000000F7           7 
                     DATA          000000FD - 000000FF           3 
XSTACK               XDATA         0000F000 - 0000F1FE         1FF   rel    0
XDATA_Z              XDATA         0000F1FF - 0000F3A9         1AB   rel    0
XDATA_I              XDATA         0000F3AA - 0000F518         16F   rel    0
ISTACK               IDATA         000000C0 - 000000FF          40   rel    0

                ****************************************
                *                                      *
                *        END OF CROSS REFERENCE        *
                *                                      *
                ****************************************

 5 339 bytes of CODE  memory (+ 1 024 absolute )
    18 bytes of DATA  memory (+    57 absolute )
 1 305 bytes of XDATA memory
    64 bytes of IDATA memory
     8 bits  of BIT   memory

Errors: none
Warnings: none

